Init []
Update [["v1",[2]]]
Update [["v1",[5]]]
Update [["v1",[3]]]
Update [["v1",[5]],["v2",[6]]]
Update [["v1",[11]]]
Update [["v1",[3]],["v2",[0]]]
Update [["v1",[]],["v2",[]]]
Init []
Update [["v1",[2]]]
Update [["v1",[-1]]]
Update [["v1",[3]]]
Update [["v1",[-1]],["v2",[6]]]
Update [["v1",[5]]]
Update [["v1",[3]],["v2",[0]]]
Update [["v1",[]],["v2",[]]]
